Archive member included to satisfy reference by file (symbol)

/usr/lib/gcc/arm-none-eabi/9.2.1/../../../arm-none-eabi/lib/thumb/v7-m/nofp/libc_nano.a(lib_a-atexit.o)
                              /usr/lib/gcc/arm-none-eabi/9.2.1/../../../arm-none-eabi/lib/thumb/v7-m/nofp/crt0.o (atexit)
/usr/lib/gcc/arm-none-eabi/9.2.1/../../../arm-none-eabi/lib/thumb/v7-m/nofp/libc_nano.a(lib_a-exit.o)
                              /usr/lib/gcc/arm-none-eabi/9.2.1/../../../arm-none-eabi/lib/thumb/v7-m/nofp/crt0.o (exit)
/usr/lib/gcc/arm-none-eabi/9.2.1/../../../arm-none-eabi/lib/thumb/v7-m/nofp/libc_nano.a(lib_a-fini.o)
                              /usr/lib/gcc/arm-none-eabi/9.2.1/../../../arm-none-eabi/lib/thumb/v7-m/nofp/crt0.o (__libc_fini_array)
/usr/lib/gcc/arm-none-eabi/9.2.1/../../../arm-none-eabi/lib/thumb/v7-m/nofp/libc_nano.a(lib_a-impure.o)
                              /usr/lib/gcc/arm-none-eabi/9.2.1/../../../arm-none-eabi/lib/thumb/v7-m/nofp/libc_nano.a(lib_a-exit.o) (_global_impure_ptr)
/usr/lib/gcc/arm-none-eabi/9.2.1/../../../arm-none-eabi/lib/thumb/v7-m/nofp/libc_nano.a(lib_a-init.o)
                              /usr/lib/gcc/arm-none-eabi/9.2.1/../../../arm-none-eabi/lib/thumb/v7-m/nofp/crt0.o (__libc_init_array)
/usr/lib/gcc/arm-none-eabi/9.2.1/../../../arm-none-eabi/lib/thumb/v7-m/nofp/libc_nano.a(lib_a-memset.o)
                              /usr/lib/gcc/arm-none-eabi/9.2.1/../../../arm-none-eabi/lib/thumb/v7-m/nofp/crt0.o (memset)
/usr/lib/gcc/arm-none-eabi/9.2.1/../../../arm-none-eabi/lib/thumb/v7-m/nofp/libc_nano.a(lib_a-__atexit.o)
                              /usr/lib/gcc/arm-none-eabi/9.2.1/../../../arm-none-eabi/lib/thumb/v7-m/nofp/libc_nano.a(lib_a-atexit.o) (__register_exitproc)
/usr/lib/gcc/arm-none-eabi/9.2.1/../../../arm-none-eabi/lib/thumb/v7-m/nofp/libc_nano.a(lib_a-__call_atexit.o)
                              /usr/lib/gcc/arm-none-eabi/9.2.1/../../../arm-none-eabi/lib/thumb/v7-m/nofp/libc_nano.a(lib_a-__atexit.o) (__call_exitprocs)
/usr/lib/gcc/arm-none-eabi/9.2.1/../../../arm-none-eabi/lib/thumb/v7-m/nofp/libnosys.a(_exit.o)
                              /usr/lib/gcc/arm-none-eabi/9.2.1/../../../arm-none-eabi/lib/thumb/v7-m/nofp/libc_nano.a(lib_a-exit.o) (_exit)

Allocating common symbols
Common symbol       size              file

hi2c1               0x54              build/i2c.o
uwTick              0x4               build/stm32f1xx_hal.o
pFlash              0x20              build/stm32f1xx_hal_flash.o
huart1              0x44              build/usart.o

Discarded input sections

 .text          0x0000000000000000        0x0 /usr/lib/gcc/arm-none-eabi/9.2.1/thumb/v7-m/nofp/crti.o
 .data          0x0000000000000000        0x0 /usr/lib/gcc/arm-none-eabi/9.2.1/thumb/v7-m/nofp/crti.o
 .bss           0x0000000000000000        0x0 /usr/lib/gcc/arm-none-eabi/9.2.1/thumb/v7-m/nofp/crti.o
 .data          0x0000000000000000        0x4 /usr/lib/gcc/arm-none-eabi/9.2.1/thumb/v7-m/nofp/crtbegin.o
 .text          0x0000000000000000       0x70 /usr/lib/gcc/arm-none-eabi/9.2.1/../../../arm-none-eabi/lib/thumb/v7-m/nofp/crt0.o
 .data          0x0000000000000000        0x0 /usr/lib/gcc/arm-none-eabi/9.2.1/../../../arm-none-eabi/lib/thumb/v7-m/nofp/crt0.o
 .bss           0x0000000000000000        0x0 /usr/lib/gcc/arm-none-eabi/9.2.1/../../../arm-none-eabi/lib/thumb/v7-m/nofp/crt0.o
 .ARM.extab     0x0000000000000000        0x0 /usr/lib/gcc/arm-none-eabi/9.2.1/../../../arm-none-eabi/lib/thumb/v7-m/nofp/crt0.o
 .ARM.exidx     0x0000000000000000       0x10 /usr/lib/gcc/arm-none-eabi/9.2.1/../../../arm-none-eabi/lib/thumb/v7-m/nofp/crt0.o
 .debug_line    0x0000000000000000       0x87 /usr/lib/gcc/arm-none-eabi/9.2.1/../../../arm-none-eabi/lib/thumb/v7-m/nofp/crt0.o
 .debug_info    0x0000000000000000       0x26 /usr/lib/gcc/arm-none-eabi/9.2.1/../../../arm-none-eabi/lib/thumb/v7-m/nofp/crt0.o
 .debug_abbrev  0x0000000000000000       0x14 /usr/lib/gcc/arm-none-eabi/9.2.1/../../../arm-none-eabi/lib/thumb/v7-m/nofp/crt0.o
 .debug_aranges
                0x0000000000000000       0x20 /usr/lib/gcc/arm-none-eabi/9.2.1/../../../arm-none-eabi/lib/thumb/v7-m/nofp/crt0.o
 .debug_str     0x0000000000000000       0x94 /usr/lib/gcc/arm-none-eabi/9.2.1/../../../arm-none-eabi/lib/thumb/v7-m/nofp/crt0.o
 .ARM.attributes
                0x0000000000000000       0x1b /usr/lib/gcc/arm-none-eabi/9.2.1/../../../arm-none-eabi/lib/thumb/v7-m/nofp/crt0.o
 .text          0x0000000000000000        0x0 build/main.o
 .data          0x0000000000000000        0x0 build/main.o
 .bss           0x0000000000000000        0x0 build/main.o
 .text          0x0000000000000000        0x0 build/gpio.o
 .data          0x0000000000000000        0x0 build/gpio.o
 .bss           0x0000000000000000        0x0 build/gpio.o
 .text          0x0000000000000000        0x0 build/i2c.o
 .data          0x0000000000000000        0x0 build/i2c.o
 .bss           0x0000000000000000        0x0 build/i2c.o
 .text.HAL_I2C_MspDeInit
[...]
Memory Configuration

Name             Origin             Length             Attributes
RAM              0x0000000020000000 0x0000000000002800 xrw
FLASH            0x0000000008000000 0x0000000000008000 xr
*default*        0x0000000000000000 0xffffffffffffffff

Linker script and memory map

LOAD /usr/lib/gcc/arm-none-eabi/9.2.1/thumb/v7-m/nofp/crti.o
LOAD /usr/lib/gcc/arm-none-eabi/9.2.1/thumb/v7-m/nofp/crtbegin.o
LOAD /usr/lib/gcc/arm-none-eabi/9.2.1/../../../arm-none-eabi/lib/thumb/v7-m/nofp/crt0.o
LOAD build/main.o
LOAD build/gpio.o
LOAD build/i2c.o
LOAD build/usart.o
LOAD build/stm32f1xx_it.o
LOAD build/stm32f1xx_hal_msp.o
LOAD build/stm32f1xx_hal_gpio_ex.o
LOAD build/stm32f1xx_hal_i2c.o
LOAD build/stm32f1xx_hal.o
LOAD build/stm32f1xx_hal_rcc.o
LOAD build/stm32f1xx_hal_rcc_ex.o
LOAD build/stm32f1xx_hal_gpio.o
LOAD build/stm32f1xx_hal_dma.o
LOAD build/stm32f1xx_hal_cortex.o
LOAD build/stm32f1xx_hal_pwr.o
LOAD build/stm32f1xx_hal_flash.o
LOAD build/stm32f1xx_hal_flash_ex.o
LOAD build/stm32f1xx_hal_exti.o
LOAD build/stm32f1xx_hal_tim.o
LOAD build/stm32f1xx_hal_tim_ex.o
LOAD build/stm32f1xx_hal_uart.o
LOAD build/system_stm32f1xx.o
LOAD build/startup_stm32f103x6.o
LOAD /usr/lib/gcc/arm-none-eabi/9.2.1/../../../arm-none-eabi/lib/thumb/v7-m/nofp/libc_nano.a
LOAD /usr/lib/gcc/arm-none-eabi/9.2.1/../../../arm-none-eabi/lib/thumb/v7-m/nofp/libm.a
LOAD /usr/lib/gcc/arm-none-eabi/9.2.1/../../../arm-none-eabi/lib/thumb/v7-m/nofp/libnosys.a
START GROUP
LOAD /usr/lib/gcc/arm-none-eabi/9.2.1/thumb/v7-m/nofp/libgcc.a
LOAD /usr/lib/gcc/arm-none-eabi/9.2.1/../../../arm-none-eabi/lib/thumb/v7-m/nofp/libc_nano.a
END GROUP
START GROUP
LOAD /usr/lib/gcc/arm-none-eabi/9.2.1/thumb/v7-m/nofp/libgcc.a
LOAD /usr/lib/gcc/arm-none-eabi/9.2.1/../../../arm-none-eabi/lib/thumb/v7-m/nofp/libc_nano.a
END GROUP
LOAD /usr/lib/gcc/arm-none-eabi/9.2.1/thumb/v7-m/nofp/crtend.o
LOAD /usr/lib/gcc/arm-none-eabi/9.2.1/thumb/v7-m/nofp/crtn.o
                0x0000000020002800                _estack = 0x20002800
                0x0000000000000200                _Min_Heap_Size = 0x200
                0x0000000000000400                _Min_Stack_Size = 0x400

.isr_vector     0x0000000008000000      0x10c
                0x0000000008000000                . = ALIGN (0x4)
 *(.isr_vector)
 .isr_vector    0x0000000008000000      0x10c build/startup_stm32f103x6.o
                0x0000000008000000                g_pfnVectors
                0x000000000800010c                . = ALIGN (0x4)

.text           0x000000000800010c     0x1688
                0x000000000800010c                . = ALIGN (0x4)
 *(.text)
 .text          0x000000000800010c       0x88 /usr/lib/gcc/arm-none-eabi/9.2.1/thumb/v7-m/nofp/crtbegin.o
 .text          0x0000000008000194       0x48 /usr/lib/gcc/arm-none-eabi/9.2.1/../../../arm-none-eabi/lib/thumb/v7-m/nofp/libc_nano.a(lib_a-init.o)
                0x0000000008000194                __libc_init_array
 *(.text*)
 .text.Error_Handler
                0x00000000080001dc        0x4 build/main.o
                0x00000000080001dc                Error_Handler
 .text.SystemClock_Config
                0x00000000080001e0       0x60 build/main.o
                0x00000000080001e0                SystemClock_Config
 .text.main     0x0000000008000240       0x30 build/main.o
                0x0000000008000240                main
 .text.assert_failed
                0x0000000008000270        0x2 build/main.o
                0x0000000008000270                assert_failed
 *fill*         0x0000000008000272        0x2 
 .text.MX_GPIO_Init
                0x0000000008000274       0xe8 build/gpio.o
                0x0000000008000274                MX_GPIO_Init
 .text.MX_I2C1_Init
                0x000000000800035c       0x3c build/i2c.o
                0x000000000800035c                MX_I2C1_Init
 .text.HAL_I2C_MspInit
                0x0000000008000398       0x64 build/i2c.o
                0x0000000008000398                HAL_I2C_MspInit
 .text.MX_USART1_UART_Init
                0x00000000080003fc       0x34 build/usart.o
                0x00000000080003fc                MX_USART1_UART_Init
 .text.HAL_UART_MspInit
                0x0000000008000430       0x78 build/usart.o
                0x0000000008000430                HAL_UART_MspInit
 .text.NMI_Handler
                0x00000000080004a8        0x2 build/stm32f1xx_it.o
                0x00000000080004a8                NMI_Handler
 .text.HardFault_Handler
                0x00000000080004aa        0x2 build/stm32f1xx_it.o
                0x00000000080004aa                HardFault_Handler
 .text.MemManage_Handler
                0x00000000080004ac        0x2 build/stm32f1xx_it.o
                0x00000000080004ac                MemManage_Handler
 .text.BusFault_Handler
                0x00000000080004ae        0x2 build/stm32f1xx_it.o
                0x00000000080004ae                BusFault_Handler
 .text.UsageFault_Handler
                0x00000000080004b0        0x2 build/stm32f1xx_it.o
                0x00000000080004b0                UsageFault_Handler
 .text.SVC_Handler
                0x00000000080004b2        0x2 build/stm32f1xx_it.o
                0x00000000080004b2                SVC_Handler
 .text.DebugMon_Handler
                0x00000000080004b4        0x2 build/stm32f1xx_it.o
                0x00000000080004b4                DebugMon_Handler
 .text.PendSV_Handler
                0x00000000080004b6        0x2 build/stm32f1xx_it.o
                0x00000000080004b6                PendSV_Handler
 .text.SysTick_Handler
                0x00000000080004b8        0x8 build/stm32f1xx_it.o
                0x00000000080004b8                SysTick_Handler
 .text.HAL_MspInit
                0x00000000080004c0       0x44 build/stm32f1xx_hal_msp.o
                0x00000000080004c0                HAL_MspInit
 .text.HAL_I2C_Init
                0x0000000008000504      0x2a0 build/stm32f1xx_hal_i2c.o
                0x0000000008000504                HAL_I2C_Init
 .text.HAL_InitTick
                0x00000000080007a4       0x4c build/stm32f1xx_hal.o
                0x00000000080007a4                HAL_InitTick
 .text.HAL_Init
                0x00000000080007f0       0x24 build/stm32f1xx_hal.o
                0x00000000080007f0                HAL_Init
 .text.HAL_IncTick
                0x0000000008000814       0x18 build/stm32f1xx_hal.o
                0x0000000008000814                HAL_IncTick
 .text.HAL_GetTick
                0x000000000800082c        0xc build/stm32f1xx_hal.o
                0x000000000800082c                HAL_GetTick
 .text.HAL_Delay
                0x0000000008000838       0x28 build/stm32f1xx_hal.o
                0x0000000008000838                HAL_Delay
 .text.RCC_Delay
                0x0000000008000860       0x2c build/stm32f1xx_hal_rcc.o
 .text.HAL_RCC_OscConfig
                0x000000000800088c      0x548 build/stm32f1xx_hal_rcc.o
                0x000000000800088c                HAL_RCC_OscConfig
 .text.HAL_RCC_GetSysClockFreq
                0x0000000008000dd4       0x6c build/stm32f1xx_hal_rcc.o
                0x0000000008000dd4                HAL_RCC_GetSysClockFreq
 .text.HAL_RCC_ClockConfig
                0x0000000008000e40      0x228 build/stm32f1xx_hal_rcc.o
                0x0000000008000e40                HAL_RCC_ClockConfig
 .text.HAL_RCC_GetHCLKFreq
                0x0000000008001068        0xc build/stm32f1xx_hal_rcc.o
                0x0000000008001068                HAL_RCC_GetHCLKFreq
 .text.HAL_RCC_GetPCLK1Freq
                0x0000000008001074       0x20 build/stm32f1xx_hal_rcc.o
                0x0000000008001074                HAL_RCC_GetPCLK1Freq
 .text.HAL_RCC_GetPCLK2Freq
                0x0000000008001094       0x20 build/stm32f1xx_hal_rcc.o
                0x0000000008001094                HAL_RCC_GetPCLK2Freq
 .text.HAL_GPIO_Init
                0x00000000080010b4      0x350 build/stm32f1xx_hal_gpio.o
                0x00000000080010b4                HAL_GPIO_Init
 .text.HAL_GPIO_WritePin
                0x0000000008001404       0x38 build/stm32f1xx_hal_gpio.o
                0x0000000008001404                HAL_GPIO_WritePin
 .text.HAL_GPIO_TogglePin
                0x000000000800143c       0x2c build/stm32f1xx_hal_gpio.o
                0x000000000800143c                HAL_GPIO_TogglePin
 .text.HAL_NVIC_SetPriorityGrouping
                0x0000000008001468       0x3c build/stm32f1xx_hal_cortex.o
                0x0000000008001468                HAL_NVIC_SetPriorityGrouping
 .text.HAL_NVIC_SetPriority
                0x00000000080014a4       0x8c build/stm32f1xx_hal_cortex.o
                0x00000000080014a4                HAL_NVIC_SetPriority
 .text.HAL_SYSTICK_Config
                0x0000000008001530       0x2c build/stm32f1xx_hal_cortex.o
                0x0000000008001530                HAL_SYSTICK_Config
 .text.UART_SetConfig
                0x000000000800155c       0xf4 build/stm32f1xx_hal_uart.o
 .text.HAL_UART_Init
                0x0000000008001650       0xdc build/stm32f1xx_hal_uart.o
                0x0000000008001650                HAL_UART_Init
 .text.SystemInit
                0x000000000800172c        0x2 build/system_stm32f1xx.o
                0x000000000800172c                SystemInit
 *fill*         0x000000000800172e        0x2 
 .text.Reset_Handler
                0x0000000008001730       0x48 build/startup_stm32f103x6.o
                0x0000000008001730                Reset_Handler
 .text.Default_Handler
                0x0000000008001778        0x2 build/startup_stm32f103x6.o
                0x0000000008001778                RTC_Alarm_IRQHandler
                0x0000000008001778                EXTI2_IRQHandler
                0x0000000008001778                TIM1_CC_IRQHandler
                0x0000000008001778                PVD_IRQHandler
                0x0000000008001778                EXTI3_IRQHandler
                0x0000000008001778                EXTI0_IRQHandler
                0x0000000008001778                ADC1_2_IRQHandler
                0x0000000008001778                SPI1_IRQHandler
                0x0000000008001778                TAMPER_IRQHandler
                0x0000000008001778                DMA1_Channel4_IRQHandler
                0x0000000008001778                RTC_IRQHandler
                0x0000000008001778                DMA1_Channel7_IRQHandler
                0x0000000008001778                CAN1_RX1_IRQHandler
                0x0000000008001778                I2C1_EV_IRQHandler
                0x0000000008001778                DMA1_Channel6_IRQHandler
                0x0000000008001778                TIM3_IRQHandler
                0x0000000008001778                RCC_IRQHandler
                0x0000000008001778                TIM1_TRG_COM_IRQHandler
                0x0000000008001778                DMA1_Channel1_IRQHandler
                0x0000000008001778                Default_Handler
                0x0000000008001778                EXTI15_10_IRQHandler
                0x0000000008001778                EXTI9_5_IRQHandler
                0x0000000008001778                DMA1_Channel5_IRQHandler
                0x0000000008001778                EXTI4_IRQHandler
                0x0000000008001778                USB_LP_CAN1_RX0_IRQHandler
                0x0000000008001778                USB_HP_CAN1_TX_IRQHandler
                0x0000000008001778                DMA1_Channel3_IRQHandler
                0x0000000008001778                TIM1_UP_IRQHandler
                0x0000000008001778                WWDG_IRQHandler
                0x0000000008001778                TIM2_IRQHandler
                0x0000000008001778                TIM1_BRK_IRQHandler
                0x0000000008001778                EXTI1_IRQHandler
                0x0000000008001778                USART2_IRQHandler
                0x0000000008001778                DMA1_Channel2_IRQHandler
                0x0000000008001778                CAN1_SCE_IRQHandler
                0x0000000008001778                FLASH_IRQHandler
                0x0000000008001778                USART1_IRQHandler
                0x0000000008001778                I2C1_ER_IRQHandler
                0x0000000008001778                USBWakeUp_IRQHandler
 *(.glue_7)
 .glue_7        0x000000000800177a        0x0 linker stubs
 *(.glue_7t)
 .glue_7t       0x000000000800177a        0x0 linker stubs
 *(.eh_frame)
 *fill*         0x000000000800177a        0x2 
 .eh_frame      0x000000000800177c        0x0 /usr/lib/gcc/arm-none-eabi/9.2.1/thumb/v7-m/nofp/crtbegin.o
 *(.init)
 .init          0x000000000800177c        0x4 /usr/lib/gcc/arm-none-eabi/9.2.1/thumb/v7-m/nofp/crti.o
                0x000000000800177c                _init
 .init          0x0000000008001780        0x8 /usr/lib/gcc/arm-none-eabi/9.2.1/thumb/v7-m/nofp/crtn.o
 *(.fini)
 .fini          0x0000000008001788        0x4 /usr/lib/gcc/arm-none-eabi/9.2.1/thumb/v7-m/nofp/crti.o
                0x0000000008001788                _fini
 .fini          0x000000000800178c        0x8 /usr/lib/gcc/arm-none-eabi/9.2.1/thumb/v7-m/nofp/crtn.o
                0x0000000008001794                . = ALIGN (0x4)
                0x0000000008001794                _etext = .

.vfp11_veneer   0x0000000008001794        0x0
 .vfp11_veneer  0x0000000008001794        0x0 linker stubs

.v4_bx          0x0000000008001794        0x0
 .v4_bx         0x0000000008001794        0x0 linker stubs

.iplt           0x0000000008001794        0x0
 .iplt          0x0000000008001794        0x0 /usr/lib/gcc/arm-none-eabi/9.2.1/thumb/v7-m/nofp/crtbegin.o

.rodata         0x0000000008001794      0x144
                0x0000000008001794                . = ALIGN (0x4)
 *(.rodata)
 *(.rodata*)
 .rodata.HAL_I2C_Init.str1.4
                0x0000000008001794       0x35 build/stm32f1xx_hal_i2c.o
 *fill*         0x00000000080017c9        0x3 
 .rodata.HAL_RCC_OscConfig.str1.4
                0x00000000080017cc       0x35 build/stm32f1xx_hal_rcc.o
 *fill*         0x0000000008001801        0x3 
 .rodata.HAL_RCC_GetSysClockFreq.str1.4
                0x0000000008001804       0x11 build/stm32f1xx_hal_rcc.o
 *fill*         0x0000000008001815        0x3 
 .rodata.HAL_GPIO_Init.str1.4
                0x0000000008001818       0x36 build/stm32f1xx_hal_gpio.o
 *fill*         0x000000000800184e        0x2 
 .rodata.HAL_NVIC_SetPriorityGrouping.str1.4
                0x0000000008001850       0x38 build/stm32f1xx_hal_cortex.o
 .rodata.UART_SetConfig.str1.4
                0x0000000008001888       0x36 build/stm32f1xx_hal_uart.o
 *fill*         0x00000000080018be        0x2 
 .rodata.AHBPrescTable
                0x00000000080018c0       0x10 build/system_stm32f1xx.o
                0x00000000080018c0                AHBPrescTable
 .rodata.APBPrescTable
                0x00000000080018d0        0x8 build/system_stm32f1xx.o
                0x00000000080018d0                APBPrescTable
                0x00000000080018d8                . = ALIGN (0x4)

.rel.dyn        0x00000000080018d8        0x0
 .rel.iplt      0x00000000080018d8        0x0 /usr/lib/gcc/arm-none-eabi/9.2.1/thumb/v7-m/nofp/crtbegin.o

.ARM.extab
 *(.ARM.extab* .gnu.linkonce.armextab.*)

.ARM            0x00000000080018d8        0x0
                0x00000000080018d8                __exidx_start = .
 *(.ARM.exidx*)
                0x00000000080018d8                __exidx_end = .

.preinit_array  0x00000000080018d8        0x0
                0x00000000080018d8                PROVIDE (__preinit_array_start = .)
 *(.preinit_array*)
                0x00000000080018d8                PROVIDE (__preinit_array_end = .)

.init_array     0x00000000080018d8        0x4
                0x00000000080018d8                PROVIDE (__init_array_start = .)
 *(SORT_BY_NAME(.init_array.*))
 *(.init_array*)
 .init_array    0x00000000080018d8        0x4 /usr/lib/gcc/arm-none-eabi/9.2.1/thumb/v7-m/nofp/crtbegin.o
                0x00000000080018dc                PROVIDE (__init_array_end = .)

.fini_array     0x00000000080018dc        0x4
                0x00000000080018dc                PROVIDE (__fini_array_start = .)
 *(SORT_BY_NAME(.fini_array.*))
 *(.fini_array*)
 .fini_array    0x00000000080018dc        0x4 /usr/lib/gcc/arm-none-eabi/9.2.1/thumb/v7-m/nofp/crtbegin.o
                0x00000000080018e0                PROVIDE (__fini_array_end = .)
                0x00000000080018e0                _sidata = LOADADDR (.data)

.data           0x0000000020000000        0xc load address 0x00000000080018e0
                0x0000000020000000                . = ALIGN (0x4)
                0x0000000020000000                _sdata = .
 *(.data)
 *(.data*)
 .data.uwTickFreq
                0x0000000020000000        0x1 build/stm32f1xx_hal.o
                0x0000000020000000                uwTickFreq
 *fill*         0x0000000020000001        0x3 
 .data.uwTickPrio
                0x0000000020000004        0x4 build/stm32f1xx_hal.o
                0x0000000020000004                uwTickPrio
 .data.SystemCoreClock
                0x0000000020000008        0x4 build/system_stm32f1xx.o
                0x0000000020000008                SystemCoreClock
                0x000000002000000c                . = ALIGN (0x4)
                0x000000002000000c                _edata = .

.tm_clone_table
                0x000000002000000c        0x0 load address 0x00000000080018ec
 .tm_clone_table
                0x000000002000000c        0x0 /usr/lib/gcc/arm-none-eabi/9.2.1/thumb/v7-m/nofp/crtbegin.o
 .tm_clone_table
                0x000000002000000c        0x0 /usr/lib/gcc/arm-none-eabi/9.2.1/thumb/v7-m/nofp/crtend.o

.igot.plt       0x000000002000000c        0x0 load address 0x00000000080018ec
 .igot.plt      0x000000002000000c        0x0 /usr/lib/gcc/arm-none-eabi/9.2.1/thumb/v7-m/nofp/crtbegin.o
                0x000000002000000c                . = ALIGN (0x4)

.bss            0x000000002000000c       0xb8 load address 0x00000000080018ec
                0x000000002000000c                _sbss = .
                0x000000002000000c                __bss_start__ = _sbss
 *(.bss)
 .bss           0x000000002000000c       0x1c /usr/lib/gcc/arm-none-eabi/9.2.1/thumb/v7-m/nofp/crtbegin.o
 *(.bss*)
 *(COMMON)
 COMMON         0x0000000020000028       0x54 build/i2c.o
                0x0000000020000028                hi2c1
 COMMON         0x000000002000007c       0x44 build/usart.o
                0x000000002000007c                huart1
 COMMON         0x00000000200000c0        0x4 build/stm32f1xx_hal.o
                0x00000000200000c0                uwTick
                0x00000000200000c4                . = ALIGN (0x4)
                0x00000000200000c4                _ebss = .
                0x00000000200000c4                __bss_end__ = _ebss

._user_heap_stack
                0x00000000200000c4      0x604 load address 0x00000000080018ec
                0x00000000200000c8                . = ALIGN (0x8)
 *fill*         0x00000000200000c4        0x4 
                [!provide]                        PROVIDE (end = .)
                [!provide]                        PROVIDE (_end = .)
                0x00000000200002c8                . = (. + _Min_Heap_Size)
 *fill*         0x00000000200000c8      0x200 
                0x00000000200006c8                . = (. + _Min_Stack_Size)
 *fill*         0x00000000200002c8      0x400 
                0x00000000200006c8                . = ALIGN (0x8)

/DISCARD/
 libc.a(*)
 libm.a(*)
 libgcc.a(*)

.ARM.attributes
                0x0000000000000000       0x29
 *(.ARM.attributes)
 .ARM.attributes
                0x0000000000000000       0x1d /usr/lib/gcc/arm-none-eabi/9.2.1/thumb/v7-m/nofp/crti.o
 .ARM.attributes
                0x000000000000001d       0x2d /usr/lib/gcc/arm-none-eabi/9.2.1/thumb/v7-m/nofp/crtbegin.o
 .ARM.attributes
                0x000000000000004a       0x2d build/main.o
 .ARM.attributes
                0x0000000000000077       0x2d build/gpio.o
 .ARM.attributes
                0x00000000000000a4       0x2d build/i2c.o
 .ARM.attributes
                0x00000000000000d1       0x2d build/usart.o
 .ARM.attributes
                0x00000000000000fe       0x2d build/stm32f1xx_it.o
 .ARM.attributes
                0x000000000000012b       0x2d build/stm32f1xx_hal_msp.o
 .ARM.attributes
                0x0000000000000158       0x2d build/stm32f1xx_hal_i2c.o
 .ARM.attributes
                0x0000000000000185       0x2d build/stm32f1xx_hal.o
 .ARM.attributes
                0x00000000000001b2       0x2d build/stm32f1xx_hal_rcc.o
 .ARM.attributes
                0x00000000000001df       0x2d build/stm32f1xx_hal_gpio.o
 .ARM.attributes
                0x000000000000020c       0x2d build/stm32f1xx_hal_cortex.o
 .ARM.attributes
                0x0000000000000239       0x2d build/stm32f1xx_hal_uart.o
 .ARM.attributes
                0x0000000000000266       0x2d build/system_stm32f1xx.o
 .ARM.attributes
                0x0000000000000293       0x21 build/startup_stm32f103x6.o
 .ARM.attributes
                0x00000000000002b4       0x2d /usr/lib/gcc/arm-none-eabi/9.2.1/../../../arm-none-eabi/lib/thumb/v7-m/nofp/libc_nano.a(lib_a-init.o)
 .ARM.attributes
                0x00000000000002e1       0x2d /usr/lib/gcc/arm-none-eabi/9.2.1/thumb/v7-m/nofp/crtend.o
 .ARM.attributes
                0x000000000000030e       0x1d /usr/lib/gcc/arm-none-eabi/9.2.1/thumb/v7-m/nofp/crtn.o
OUTPUT(build/STM32C6T6.elf elf32-littlearm)

.comment        0x0000000000000000       0x59
 .comment       0x0000000000000000       0x59 /usr/lib/gcc/arm-none-eabi/9.2.1/thumb/v7-m/nofp/crtbegin.o
                                         0x5a (size before relaxing)
 .comment       0x0000000000000059       0x5a build/main.o
 .comment       0x0000000000000059       0x5a build/gpio.o
 .comment       0x0000000000000059       0x5a build/i2c.o
 .comment       0x0000000000000059       0x5a build/usart.o
 .comment       0x0000000000000059       0x5a build/stm32f1xx_it.o
 .comment       0x0000000000000059       0x5a build/stm32f1xx_hal_msp.o
 .comment       0x0000000000000059       0x5a build/stm32f1xx_hal_i2c.o
 .comment       0x0000000000000059       0x5a build/stm32f1xx_hal.o
 .comment       0x0000000000000059       0x5a build/stm32f1xx_hal_rcc.o
 .comment       0x0000000000000059       0x5a build/stm32f1xx_hal_gpio.o
 .comment       0x0000000000000059       0x5a build/stm32f1xx_hal_cortex.o
 .comment       0x0000000000000059       0x5a build/stm32f1xx_hal_uart.o
 .comment       0x0000000000000059       0x5a build/system_stm32f1xx.o
 .comment       0x0000000000000059       0x5a /usr/lib/gcc/arm-none-eabi/9.2.1/../../../arm-none-eabi/lib/thumb/v7-m/nofp/libc_nano.a(lib_a-init.o)
 .comment       0x0000000000000059       0x5a /usr/lib/gcc/arm-none-eabi/9.2.1/thumb/v7-m/nofp/crtend.o

.debug_info     0x0000000000000000     0xc0e7
 .debug_info    0x0000000000000000      0xd10 build/main.o
 .debug_info    0x0000000000000d10      0x523 build/gpio.o
 .debug_info    0x0000000000001233      0xa0f build/i2c.o
 .debug_info    0x0000000000001c42      0x98d build/usart.o
 .debug_info    0x00000000000025cf      0x24e build/stm32f1xx_it.o
 .debug_info    0x000000000000281d      0x30e build/stm32f1xx_hal_msp.o
 .debug_info    0x0000000000002b2b     0x3fd5 build/stm32f1xx_hal_i2c.o
 .debug_info    0x0000000000006b00      0x8cf build/stm32f1xx_hal.o
 .debug_info    0x00000000000073cf      0xde2 build/stm32f1xx_hal_rcc.o
 .debug_info    0x00000000000081b1      0x9ca build/stm32f1xx_hal_gpio.o
 .debug_info    0x0000000000008b7b     0x101d build/stm32f1xx_hal_cortex.o
 .debug_info    0x0000000000009b98     0x2140 build/stm32f1xx_hal_uart.o
 .debug_info    0x000000000000bcd8      0x2d3 build/system_stm32f1xx.o
 .debug_info    0x000000000000bfab       0x22 build/startup_stm32f103x6.o
 .debug_info    0x000000000000bfcd      0x11a /usr/lib/gcc/arm-none-eabi/9.2.1/../../../arm-none-eabi/lib/thumb/v7-m/nofp/libc_nano.a(lib_a-init.o)

.debug_abbrev   0x0000000000000000     0x1cc1
 .debug_abbrev  0x0000000000000000      0x224 build/main.o
 .debug_abbrev  0x0000000000000224      0x192 build/gpio.o
 .debug_abbrev  0x00000000000003b6      0x1f1 build/i2c.o
 .debug_abbrev  0x00000000000005a7      0x1f1 build/usart.o
 .debug_abbrev  0x0000000000000798       0xf2 build/stm32f1xx_it.o
 .debug_abbrev  0x000000000000088a      0x130 build/stm32f1xx_hal_msp.o
 .debug_abbrev  0x00000000000009ba      0x332 build/stm32f1xx_hal_i2c.o
 .debug_abbrev  0x0000000000000cec      0x21c build/stm32f1xx_hal.o
 .debug_abbrev  0x0000000000000f08      0x291 build/stm32f1xx_hal_rcc.o
 .debug_abbrev  0x0000000000001199      0x26e build/stm32f1xx_hal_gpio.o
 .debug_abbrev  0x0000000000001407      0x39f build/stm32f1xx_hal_cortex.o
 .debug_abbrev  0x00000000000017a6      0x2ea build/stm32f1xx_hal_uart.o
 .debug_abbrev  0x0000000000001a90      0x153 build/system_stm32f1xx.o
 .debug_abbrev  0x0000000000001be3       0x12 build/startup_stm32f103x6.o
 .debug_abbrev  0x0000000000001bf5       0xcc /usr/lib/gcc/arm-none-eabi/9.2.1/../../../arm-none-eabi/lib/thumb/v7-m/nofp/libc_nano.a(lib_a-init.o)

.debug_loc      0x0000000000000000     0x8c32
 .debug_loc     0x0000000000000000       0x66 build/main.o
 .debug_loc     0x0000000000000066       0x6d build/gpio.o
 .debug_loc     0x00000000000000d3       0xeb build/i2c.o
 .debug_loc     0x00000000000001be      0x108 build/usart.o
 .debug_loc     0x00000000000002c6       0x20 build/stm32f1xx_it.o
 .debug_loc     0x00000000000002e6       0x41 build/stm32f1xx_hal_msp.o
 .debug_loc     0x0000000000000327     0x45a8 build/stm32f1xx_hal_i2c.o
 .debug_loc     0x00000000000048cf      0x1d0 build/stm32f1xx_hal.o
 .debug_loc     0x0000000000004a9f      0x8ea build/stm32f1xx_hal_rcc.o
 .debug_loc     0x0000000000005389      0x6cd build/stm32f1xx_hal_gpio.o
 .debug_loc     0x0000000000005a56      0xa2d build/stm32f1xx_hal_cortex.o
 .debug_loc     0x0000000000006483     0x25f6 build/stm32f1xx_hal_uart.o
 .debug_loc     0x0000000000008a79       0xff build/system_stm32f1xx.o
 .debug_loc     0x0000000000008b78       0xba /usr/lib/gcc/arm-none-eabi/9.2.1/../../../arm-none-eabi/lib/thumb/v7-m/nofp/libc_nano.a(lib_a-init.o)

.debug_aranges  0x0000000000000000      0x8a0
 .debug_aranges
                0x0000000000000000       0x38 build/main.o
 .debug_aranges
                0x0000000000000038       0x20 build/gpio.o
 .debug_aranges
                0x0000000000000058       0x30 build/i2c.o
 .debug_aranges
                0x0000000000000088       0x30 build/usart.o
 .debug_aranges
                0x00000000000000b8       0x60 build/stm32f1xx_it.o
 .debug_aranges
                0x0000000000000118       0x20 build/stm32f1xx_hal_msp.o
 .debug_aranges
                0x0000000000000138      0x2a0 build/stm32f1xx_hal_i2c.o
 .debug_aranges
                0x00000000000003d8       0xe0 build/stm32f1xx_hal.o
 .debug_aranges
                0x00000000000004b8       0x90 build/stm32f1xx_hal_rcc.o
 .debug_aranges
                0x0000000000000548       0x58 build/stm32f1xx_hal_gpio.o
 .debug_aranges
                0x00000000000005a0       0x90 build/stm32f1xx_hal_cortex.o
 .debug_aranges
                0x0000000000000630      0x200 build/stm32f1xx_hal_uart.o
 .debug_aranges
                0x0000000000000830       0x28 build/system_stm32f1xx.o
 .debug_aranges
                0x0000000000000858       0x28 build/startup_stm32f103x6.o
 .debug_aranges
                0x0000000000000880       0x20 /usr/lib/gcc/arm-none-eabi/9.2.1/../../../arm-none-eabi/lib/thumb/v7-m/nofp/libc_nano.a(lib_a-init.o)

.debug_ranges   0x0000000000000000      0x870
 .debug_ranges  0x0000000000000000       0x28 build/main.o
 .debug_ranges  0x0000000000000028       0x10 build/gpio.o
 .debug_ranges  0x0000000000000038       0x20 build/i2c.o
 .debug_ranges  0x0000000000000058       0x20 build/usart.o
 .debug_ranges  0x0000000000000078       0x50 build/stm32f1xx_it.o
 .debug_ranges  0x00000000000000c8       0x10 build/stm32f1xx_hal_msp.o
 .debug_ranges  0x00000000000000d8      0x2a8 build/stm32f1xx_hal_i2c.o
 .debug_ranges  0x0000000000000380       0xd0 build/stm32f1xx_hal.o
 .debug_ranges  0x0000000000000450       0xa0 build/stm32f1xx_hal_rcc.o
 .debug_ranges  0x00000000000004f0       0x48 build/stm32f1xx_hal_gpio.o
 .debug_ranges  0x0000000000000538      0x110 build/stm32f1xx_hal_cortex.o
 .debug_ranges  0x0000000000000648      0x1f0 build/stm32f1xx_hal_uart.o
 .debug_ranges  0x0000000000000838       0x18 build/system_stm32f1xx.o
 .debug_ranges  0x0000000000000850       0x20 build/startup_stm32f103x6.o

.debug_line     0x0000000000000000     0xa8f5
 .debug_line    0x0000000000000000      0x2fd build/main.o
 .debug_line    0x00000000000002fd      0x1cc build/gpio.o
 .debug_line    0x00000000000004c9      0x280 build/i2c.o
 .debug_line    0x0000000000000749      0x29a build/usart.o
 .debug_line    0x00000000000009e3      0x210 build/stm32f1xx_it.o
 .debug_line    0x0000000000000bf3      0x144 build/stm32f1xx_hal_msp.o
 .debug_line    0x0000000000000d37     0x56de build/stm32f1xx_hal_i2c.o
 .debug_line    0x0000000000006415      0x4c0 build/stm32f1xx_hal.o
 .debug_line    0x00000000000068d5      0xd70 build/stm32f1xx_hal_rcc.o
 .debug_line    0x0000000000007645      0x6a9 build/stm32f1xx_hal_gpio.o
 .debug_line    0x0000000000007cee      0x6ca build/stm32f1xx_hal_cortex.o
 .debug_line    0x00000000000083b8     0x2192 build/stm32f1xx_hal_uart.o
 .debug_line    0x000000000000a54a      0x1f8 build/system_stm32f1xx.o
 .debug_line    0x000000000000a742       0x75 build/startup_stm32f103x6.o
 .debug_line    0x000000000000a7b7      0x13e /usr/lib/gcc/arm-none-eabi/9.2.1/../../../arm-none-eabi/lib/thumb/v7-m/nofp/libc_nano.a(lib_a-init.o)

.debug_str      0x0000000000000000     0x28f5
 .debug_str     0x0000000000000000      0x9e3 build/main.o
                                        0xa86 (size before relaxing)
 .debug_str     0x00000000000009e3       0xe6 build/gpio.o
                                        0x34e (size before relaxing)
 .debug_str     0x0000000000000ac9       0x58 build/i2c.o
                                        0x7c5 (size before relaxing)
 .debug_str     0x0000000000000b21       0x4e build/usart.o
                                        0x729 (size before relaxing)
 .debug_str     0x0000000000000b6f       0xb4 build/stm32f1xx_it.o
                                        0x2e4 (size before relaxing)
 .debug_str     0x0000000000000c23       0x29 build/stm32f1xx_hal_msp.o
                                        0x2cd (size before relaxing)
 .debug_str     0x0000000000000c4c      0x91f build/stm32f1xx_hal_i2c.o
                                       0x1047 (size before relaxing)
 .debug_str     0x000000000000156b      0x508 build/stm32f1xx_hal.o
                                        0x815 (size before relaxing)
 .debug_str     0x0000000000001a73      0x1d1 build/stm32f1xx_hal_rcc.o
                                        0x693 (size before relaxing)
 .debug_str     0x0000000000001c44      0x104 build/stm32f1xx_hal_gpio.o
                                        0x4b1 (size before relaxing)
 .debug_str     0x0000000000001d48      0x3b8 build/stm32f1xx_hal_cortex.o
                                        0x931 (size before relaxing)
 .debug_str     0x0000000000002100      0x5f8 build/stm32f1xx_hal_uart.o
                                        0xd2d (size before relaxing)
 .debug_str     0x00000000000026f8       0x4f build/system_stm32f1xx.o
                                        0x2c4 (size before relaxing)
 .debug_str     0x0000000000002747       0x24 build/startup_stm32f103x6.o
                                         0x40 (size before relaxing)
 .debug_str     0x000000000000276b      0x18a /usr/lib/gcc/arm-none-eabi/9.2.1/../../../arm-none-eabi/lib/thumb/v7-m/nofp/libc_nano.a(lib_a-init.o)
                                        0x225 (size before relaxing)

.debug_frame    0x0000000000000000     0x1a84
 .debug_frame   0x0000000000000000       0x6c build/main.o
 .debug_frame   0x000000000000006c       0x34 build/gpio.o
 .debug_frame   0x00000000000000a0       0x6c build/i2c.o
 .debug_frame   0x000000000000010c       0x6c build/usart.o
 .debug_frame   0x0000000000000178       0xac build/stm32f1xx_it.o
 .debug_frame   0x0000000000000224       0x28 build/stm32f1xx_hal_msp.o
 .debug_frame   0x000000000000024c      0xad0 build/stm32f1xx_hal_i2c.o
 .debug_frame   0x0000000000000d1c      0x1e4 build/stm32f1xx_hal.o
 .debug_frame   0x0000000000000f00      0x1e0 build/stm32f1xx_hal_rcc.o
 .debug_frame   0x00000000000010e0      0x11c build/stm32f1xx_hal_gpio.o
 .debug_frame   0x00000000000011fc      0x194 build/stm32f1xx_hal_cortex.o
 .debug_frame   0x0000000000001390      0x698 build/stm32f1xx_hal_uart.o
 .debug_frame   0x0000000000001a28       0x30 build/system_stm32f1xx.o
 .debug_frame   0x0000000000001a58       0x2c /usr/lib/gcc/arm-none-eabi/9.2.1/../../../arm-none-eabi/lib/thumb/v7-m/nofp/libc_nano.a(lib_a-init.o)

Cross Reference Table

Symbol                                            File
ADC1_2_IRQHandler                                 build/startup_stm32f103x6.o
AHBPrescTable                                     build/system_stm32f1xx.o
                                                  build/stm32f1xx_hal_rcc.o
APBPrescTable                                     build/system_stm32f1xx.o
                                                  build/stm32f1xx_hal_rcc.o
BusFault_Handler                                  build/stm32f1xx_it.o
CAN1_RX1_IRQHandler                               build/startup_stm32f103x6.o
CAN1_SCE_IRQHandler                               build/startup_stm32f103x6.o
DMA1_Channel1_IRQHandler                          build/startup_stm32f103x6.o
DMA1_Channel2_IRQHandler                          build/startup_stm32f103x6.o
DMA1_Channel3_IRQHandler                          build/startup_stm32f103x6.o
DMA1_Channel4_IRQHandler                          build/startup_stm32f103x6.o
DMA1_Channel5_IRQHandler                          build/startup_stm32f103x6.o
DMA1_Channel6_IRQHandler                          build/startup_stm32f103x6.o
DMA1_Channel7_IRQHandler                          build/startup_stm32f103x6.o
DebugMon_Handler                                  build/stm32f1xx_it.o
Default_Handler                                   build/startup_stm32f103x6.o
EXTI0_IRQHandler                                  build/startup_stm32f103x6.o
EXTI15_10_IRQHandler                              build/startup_stm32f103x6.o
EXTI1_IRQHandler                                  build/startup_stm32f103x6.o
EXTI2_IRQHandler                                  build/startup_stm32f103x6.o
EXTI3_IRQHandler                                  build/startup_stm32f103x6.o
EXTI4_IRQHandler                                  build/startup_stm32f103x6.o
EXTI9_5_IRQHandler                                build/startup_stm32f103x6.o
Error_Handler                                     build/main.o
                                                  build/usart.o
                                                  build/i2c.o
FLASH_IRQHandler                                  build/startup_stm32f103x6.o
FLASH_PageErase                                   build/stm32f1xx_hal_flash_ex.o
                                                  build/stm32f1xx_hal_flash.o
FLASH_WaitForLastOperation                        build/stm32f1xx_hal_flash.o
                                                  build/stm32f1xx_hal_flash_ex.o
HAL_DBGMCU_DisableDBGSleepMode                    build/stm32f1xx_hal.o
HAL_DBGMCU_DisableDBGStandbyMode                  build/stm32f1xx_hal.o
HAL_DBGMCU_DisableDBGStopMode                     build/stm32f1xx_hal.o
HAL_DBGMCU_EnableDBGSleepMode                     build/stm32f1xx_hal.o
HAL_DBGMCU_EnableDBGStandbyMode                   build/stm32f1xx_hal.o
HAL_DBGMCU_EnableDBGStopMode                      build/stm32f1xx_hal.o
HAL_DMA_Abort                                     build/stm32f1xx_hal_dma.o
                                                  build/stm32f1xx_hal_uart.o
HAL_DMA_Abort_IT                                  build/stm32f1xx_hal_dma.o
                                                  build/stm32f1xx_hal_uart.o
                                                  build/stm32f1xx_hal_i2c.o
HAL_DMA_DeInit                                    build/stm32f1xx_hal_dma.o
HAL_DMA_GetError                                  build/stm32f1xx_hal_dma.o
                                                  build/stm32f1xx_hal_uart.o
HAL_DMA_GetState                                  build/stm32f1xx_hal_dma.o
                                                  build/stm32f1xx_hal_i2c.o
HAL_DMA_IRQHandler                                build/stm32f1xx_hal_dma.o
HAL_DMA_Init                                      build/stm32f1xx_hal_dma.o
HAL_DMA_PollForTransfer                           build/stm32f1xx_hal_dma.o
HAL_DMA_RegisterCallback                          build/stm32f1xx_hal_dma.o
HAL_DMA_Start                                     build/stm32f1xx_hal_dma.o
HAL_DMA_Start_IT                                  build/stm32f1xx_hal_dma.o
                                                  build/stm32f1xx_hal_uart.o
                                                  build/stm32f1xx_hal_i2c.o
HAL_DMA_UnRegisterCallback                        build/stm32f1xx_hal_dma.o
HAL_DeInit                                        build/stm32f1xx_hal.o
HAL_Delay                                         build/stm32f1xx_hal.o
                                                  build/main.o
HAL_EXTI_ClearConfigLine                          build/stm32f1xx_hal_exti.o
HAL_EXTI_ClearPending                             build/stm32f1xx_hal_exti.o
HAL_EXTI_GenerateSWI                              build/stm32f1xx_hal_exti.o
HAL_EXTI_GetConfigLine                            build/stm32f1xx_hal_exti.o
HAL_EXTI_GetHandle                                build/stm32f1xx_hal_exti.o
HAL_EXTI_GetPending                               build/stm32f1xx_hal_exti.o
HAL_EXTI_IRQHandler                               build/stm32f1xx_hal_exti.o
HAL_EXTI_RegisterCallback                         build/stm32f1xx_hal_exti.o
HAL_EXTI_SetConfigLine                            build/stm32f1xx_hal_exti.o
HAL_FLASHEx_Erase                                 build/stm32f1xx_hal_flash_ex.o
HAL_FLASHEx_Erase_IT                              build/stm32f1xx_hal_flash_ex.o
HAL_FLASHEx_OBErase                               build/stm32f1xx_hal_flash_ex.o
HAL_FLASHEx_OBGetConfig                           build/stm32f1xx_hal_flash_ex.o
HAL_FLASHEx_OBGetUserData                         build/stm32f1xx_hal_flash_ex.o
HAL_FLASHEx_OBProgram                             build/stm32f1xx_hal_flash_ex.o
HAL_FLASH_EndOfOperationCallback                  build/stm32f1xx_hal_flash.o
HAL_FLASH_GetError                                build/stm32f1xx_hal_flash.o
HAL_FLASH_IRQHandler                              build/stm32f1xx_hal_flash.o
HAL_FLASH_Lock                                    build/stm32f1xx_hal_flash.o
HAL_FLASH_OB_Launch                               build/stm32f1xx_hal_flash.o
HAL_FLASH_OB_Lock                                 build/stm32f1xx_hal_flash.o
HAL_FLASH_OB_Unlock                               build/stm32f1xx_hal_flash.o
HAL_FLASH_OperationErrorCallback                  build/stm32f1xx_hal_flash.o
HAL_FLASH_Program                                 build/stm32f1xx_hal_flash.o
HAL_FLASH_Program_IT                              build/stm32f1xx_hal_flash.o
HAL_FLASH_Unlock                                  build/stm32f1xx_hal_flash.o
HAL_GPIOEx_ConfigEventout                         build/stm32f1xx_hal_gpio_ex.o
HAL_GPIOEx_DisableEventout                        build/stm32f1xx_hal_gpio_ex.o
HAL_GPIOEx_EnableEventout                         build/stm32f1xx_hal_gpio_ex.o
HAL_GPIO_DeInit                                   build/stm32f1xx_hal_gpio.o
                                                  build/usart.o
                                                  build/i2c.o
HAL_GPIO_EXTI_Callback                            build/stm32f1xx_hal_gpio.o
HAL_GPIO_EXTI_IRQHandler                          build/stm32f1xx_hal_gpio.o
HAL_GPIO_Init                                     build/stm32f1xx_hal_gpio.o
                                                  build/stm32f1xx_hal_rcc.o
                                                  build/usart.o
                                                  build/i2c.o
                                                  build/gpio.o
HAL_GPIO_LockPin                                  build/stm32f1xx_hal_gpio.o
HAL_GPIO_ReadPin                                  build/stm32f1xx_hal_gpio.o
HAL_GPIO_TogglePin                                build/stm32f1xx_hal_gpio.o
                                                  build/main.o
HAL_GPIO_WritePin                                 build/stm32f1xx_hal_gpio.o
                                                  build/gpio.o
HAL_GetDEVID                                      build/stm32f1xx_hal.o
HAL_GetHalVersion                                 build/stm32f1xx_hal.o
HAL_GetREVID                                      build/stm32f1xx_hal.o
HAL_GetTick                                       build/stm32f1xx_hal.o
                                                  build/stm32f1xx_hal_uart.o
                                                  build/stm32f1xx_hal_flash.o
                                                  build/stm32f1xx_hal_dma.o
                                                  build/stm32f1xx_hal_rcc_ex.o
                                                  build/stm32f1xx_hal_rcc.o
                                                  build/stm32f1xx_hal_i2c.o
HAL_GetTickFreq                                   build/stm32f1xx_hal.o
HAL_GetTickPrio                                   build/stm32f1xx_hal.o
HAL_GetUIDw0                                      build/stm32f1xx_hal.o
HAL_GetUIDw1                                      build/stm32f1xx_hal.o
HAL_GetUIDw2                                      build/stm32f1xx_hal.o
HAL_HalfDuplex_EnableReceiver                     build/stm32f1xx_hal_uart.o
HAL_HalfDuplex_EnableTransmitter                  build/stm32f1xx_hal_uart.o
HAL_HalfDuplex_Init                               build/stm32f1xx_hal_uart.o
HAL_I2C_AbortCpltCallback                         build/stm32f1xx_hal_i2c.o
HAL_I2C_AddrCallback                              build/stm32f1xx_hal_i2c.o
HAL_I2C_DeInit                                    build/stm32f1xx_hal_i2c.o
HAL_I2C_DisableListen_IT                          build/stm32f1xx_hal_i2c.o
HAL_I2C_ER_IRQHandler                             build/stm32f1xx_hal_i2c.o
HAL_I2C_EV_IRQHandler                             build/stm32f1xx_hal_i2c.o
HAL_I2C_EnableListen_IT                           build/stm32f1xx_hal_i2c.o
HAL_I2C_ErrorCallback                             build/stm32f1xx_hal_i2c.o
HAL_I2C_GetError                                  build/stm32f1xx_hal_i2c.o
HAL_I2C_GetMode                                   build/stm32f1xx_hal_i2c.o
HAL_I2C_GetState                                  build/stm32f1xx_hal_i2c.o
HAL_I2C_Init                                      build/stm32f1xx_hal_i2c.o
                                                  build/i2c.o
HAL_I2C_IsDeviceReady                             build/stm32f1xx_hal_i2c.o
HAL_I2C_ListenCpltCallback                        build/stm32f1xx_hal_i2c.o
HAL_I2C_MasterRxCpltCallback                      build/stm32f1xx_hal_i2c.o
HAL_I2C_MasterTxCpltCallback                      build/stm32f1xx_hal_i2c.o
HAL_I2C_Master_Abort_IT                           build/stm32f1xx_hal_i2c.o
HAL_I2C_Master_Receive                            build/stm32f1xx_hal_i2c.o
HAL_I2C_Master_Receive_DMA                        build/stm32f1xx_hal_i2c.o
HAL_I2C_Master_Receive_IT                         build/stm32f1xx_hal_i2c.o
HAL_I2C_Master_Seq_Receive_DMA                    build/stm32f1xx_hal_i2c.o
HAL_I2C_Master_Seq_Receive_IT                     build/stm32f1xx_hal_i2c.o
HAL_I2C_Master_Seq_Transmit_DMA                   build/stm32f1xx_hal_i2c.o
HAL_I2C_Master_Seq_Transmit_IT                    build/stm32f1xx_hal_i2c.o
HAL_I2C_Master_Transmit                           build/stm32f1xx_hal_i2c.o
HAL_I2C_Master_Transmit_DMA                       build/stm32f1xx_hal_i2c.o
HAL_I2C_Master_Transmit_IT                        build/stm32f1xx_hal_i2c.o
HAL_I2C_MemRxCpltCallback                         build/stm32f1xx_hal_i2c.o
HAL_I2C_MemTxCpltCallback                         build/stm32f1xx_hal_i2c.o
HAL_I2C_Mem_Read                                  build/stm32f1xx_hal_i2c.o
HAL_I2C_Mem_Read_DMA                              build/stm32f1xx_hal_i2c.o
HAL_I2C_Mem_Read_IT                               build/stm32f1xx_hal_i2c.o
HAL_I2C_Mem_Write                                 build/stm32f1xx_hal_i2c.o
HAL_I2C_Mem_Write_DMA                             build/stm32f1xx_hal_i2c.o
HAL_I2C_Mem_Write_IT                              build/stm32f1xx_hal_i2c.o
HAL_I2C_MspDeInit                                 build/i2c.o
HAL_I2C_MspInit                                   build/i2c.o
HAL_I2C_SlaveRxCpltCallback                       build/stm32f1xx_hal_i2c.o
HAL_I2C_SlaveTxCpltCallback                       build/stm32f1xx_hal_i2c.o
HAL_I2C_Slave_Receive                             build/stm32f1xx_hal_i2c.o
HAL_I2C_Slave_Receive_DMA                         build/stm32f1xx_hal_i2c.o
HAL_I2C_Slave_Receive_IT                          build/stm32f1xx_hal_i2c.o
HAL_I2C_Slave_Seq_Receive_DMA                     build/stm32f1xx_hal_i2c.o
HAL_I2C_Slave_Seq_Receive_IT                      build/stm32f1xx_hal_i2c.o
HAL_I2C_Slave_Seq_Transmit_DMA                    build/stm32f1xx_hal_i2c.o
HAL_I2C_Slave_Seq_Transmit_IT                     build/stm32f1xx_hal_i2c.o
HAL_I2C_Slave_Transmit                            build/stm32f1xx_hal_i2c.o
HAL_I2C_Slave_Transmit_DMA                        build/stm32f1xx_hal_i2c.o
HAL_I2C_Slave_Transmit_IT                         build/stm32f1xx_hal_i2c.o
HAL_IncTick                                       build/stm32f1xx_hal.o
                                                  build/stm32f1xx_it.o
HAL_Init                                          build/stm32f1xx_hal.o
                                                  build/main.o
HAL_InitTick                                      build/stm32f1xx_hal.o
                                                  build/stm32f1xx_hal_rcc.o
HAL_LIN_Init                                      build/stm32f1xx_hal_uart.o
HAL_LIN_SendBreak                                 build/stm32f1xx_hal_uart.o
HAL_MspDeInit                                     build/stm32f1xx_hal.o
HAL_MspInit                                       build/stm32f1xx_hal_msp.o
HAL_MultiProcessor_EnterMuteMode                  build/stm32f1xx_hal_uart.o
HAL_MultiProcessor_ExitMuteMode                   build/stm32f1xx_hal_uart.o
HAL_MultiProcessor_Init                           build/stm32f1xx_hal_uart.o
HAL_NVIC_ClearPendingIRQ                          build/stm32f1xx_hal_cortex.o
HAL_NVIC_DisableIRQ                               build/stm32f1xx_hal_cortex.o
HAL_NVIC_EnableIRQ                                build/stm32f1xx_hal_cortex.o
HAL_NVIC_GetActive                                build/stm32f1xx_hal_cortex.o
HAL_NVIC_GetPendingIRQ                            build/stm32f1xx_hal_cortex.o
HAL_NVIC_GetPriority                              build/stm32f1xx_hal_cortex.o
HAL_NVIC_GetPriorityGrouping                      build/stm32f1xx_hal_cortex.o
HAL_NVIC_SetPendingIRQ                            build/stm32f1xx_hal_cortex.o
HAL_NVIC_SetPriority                              build/stm32f1xx_hal_cortex.o
                                                  build/stm32f1xx_hal.o
HAL_NVIC_SetPriorityGrouping                      build/stm32f1xx_hal_cortex.o
                                                  build/stm32f1xx_hal.o
HAL_NVIC_SystemReset                              build/stm32f1xx_hal_cortex.o
                                                  build/stm32f1xx_hal_flash.o
HAL_PWR_ConfigPVD                                 build/stm32f1xx_hal_pwr.o
HAL_PWR_DeInit                                    build/stm32f1xx_hal_pwr.o
HAL_PWR_DisableBkUpAccess                         build/stm32f1xx_hal_pwr.o
HAL_PWR_DisablePVD                                build/stm32f1xx_hal_pwr.o
HAL_PWR_DisableSEVOnPend                          build/stm32f1xx_hal_pwr.o
HAL_PWR_DisableSleepOnExit                        build/stm32f1xx_hal_pwr.o
HAL_PWR_DisableWakeUpPin                          build/stm32f1xx_hal_pwr.o
HAL_PWR_EnableBkUpAccess                          build/stm32f1xx_hal_pwr.o
HAL_PWR_EnablePVD                                 build/stm32f1xx_hal_pwr.o
HAL_PWR_EnableSEVOnPend                           build/stm32f1xx_hal_pwr.o
HAL_PWR_EnableSleepOnExit                         build/stm32f1xx_hal_pwr.o
HAL_PWR_EnableWakeUpPin                           build/stm32f1xx_hal_pwr.o
HAL_PWR_EnterSLEEPMode                            build/stm32f1xx_hal_pwr.o
HAL_PWR_EnterSTANDBYMode                          build/stm32f1xx_hal_pwr.o
HAL_PWR_EnterSTOPMode                             build/stm32f1xx_hal_pwr.o
HAL_PWR_PVDCallback                               build/stm32f1xx_hal_pwr.o
HAL_PWR_PVD_IRQHandler                            build/stm32f1xx_hal_pwr.o
HAL_RCCEx_GetPeriphCLKConfig                      build/stm32f1xx_hal_rcc_ex.o
HAL_RCCEx_GetPeriphCLKFreq                        build/stm32f1xx_hal_rcc_ex.o
HAL_RCCEx_PeriphCLKConfig                         build/stm32f1xx_hal_rcc_ex.o
HAL_RCC_CSSCallback                               build/stm32f1xx_hal_rcc.o
HAL_RCC_ClockConfig                               build/stm32f1xx_hal_rcc.o
                                                  build/main.o
HAL_RCC_DeInit                                    build/stm32f1xx_hal_rcc.o
HAL_RCC_DisableCSS                                build/stm32f1xx_hal_rcc.o
HAL_RCC_EnableCSS                                 build/stm32f1xx_hal_rcc.o
HAL_RCC_GetClockConfig                            build/stm32f1xx_hal_rcc.o
HAL_RCC_GetHCLKFreq                               build/stm32f1xx_hal_rcc.o
HAL_RCC_GetOscConfig                              build/stm32f1xx_hal_rcc.o
HAL_RCC_GetPCLK1Freq                              build/stm32f1xx_hal_rcc.o
                                                  build/stm32f1xx_hal_uart.o
                                                  build/stm32f1xx_hal_i2c.o
HAL_RCC_GetPCLK2Freq                              build/stm32f1xx_hal_rcc.o
                                                  build/stm32f1xx_hal_uart.o
                                                  build/stm32f1xx_hal_rcc_ex.o
HAL_RCC_GetSysClockFreq                           build/stm32f1xx_hal_rcc.o
HAL_RCC_MCOConfig                                 build/stm32f1xx_hal_rcc.o
HAL_RCC_NMI_IRQHandler                            build/stm32f1xx_hal_rcc.o
HAL_RCC_OscConfig                                 build/stm32f1xx_hal_rcc.o
                                                  build/main.o
HAL_ResumeTick                                    build/stm32f1xx_hal.o
HAL_SYSTICK_CLKSourceConfig                       build/stm32f1xx_hal_cortex.o
HAL_SYSTICK_Callback                              build/stm32f1xx_hal_cortex.o
HAL_SYSTICK_Config                                build/stm32f1xx_hal_cortex.o
                                                  build/stm32f1xx_hal.o
HAL_SYSTICK_IRQHandler                            build/stm32f1xx_hal_cortex.o
HAL_SetTickFreq                                   build/stm32f1xx_hal.o
HAL_SuspendTick                                   build/stm32f1xx_hal.o
HAL_UARTEx_ReceiveToIdle                          build/stm32f1xx_hal_uart.o
HAL_UARTEx_ReceiveToIdle_DMA                      build/stm32f1xx_hal_uart.o
HAL_UARTEx_ReceiveToIdle_IT                       build/stm32f1xx_hal_uart.o
HAL_UARTEx_RxEventCallback                        build/stm32f1xx_hal_uart.o
HAL_UART_Abort                                    build/stm32f1xx_hal_uart.o
HAL_UART_AbortCpltCallback                        build/stm32f1xx_hal_uart.o
HAL_UART_AbortReceive                             build/stm32f1xx_hal_uart.o
HAL_UART_AbortReceiveCpltCallback                 build/stm32f1xx_hal_uart.o
HAL_UART_AbortReceive_IT                          build/stm32f1xx_hal_uart.o
HAL_UART_AbortTransmit                            build/stm32f1xx_hal_uart.o
HAL_UART_AbortTransmitCpltCallback                build/stm32f1xx_hal_uart.o
HAL_UART_AbortTransmit_IT                         build/stm32f1xx_hal_uart.o
HAL_UART_Abort_IT                                 build/stm32f1xx_hal_uart.o
HAL_UART_DMAPause                                 build/stm32f1xx_hal_uart.o
HAL_UART_DMAResume                                build/stm32f1xx_hal_uart.o
HAL_UART_DMAStop                                  build/stm32f1xx_hal_uart.o
HAL_UART_DeInit                                   build/stm32f1xx_hal_uart.o
HAL_UART_ErrorCallback                            build/stm32f1xx_hal_uart.o
HAL_UART_GetError                                 build/stm32f1xx_hal_uart.o
HAL_UART_GetState                                 build/stm32f1xx_hal_uart.o
HAL_UART_IRQHandler                               build/stm32f1xx_hal_uart.o
HAL_UART_Init                                     build/stm32f1xx_hal_uart.o
                                                  build/usart.o
HAL_UART_MspDeInit                                build/usart.o
HAL_UART_MspInit                                  build/usart.o
HAL_UART_Receive                                  build/stm32f1xx_hal_uart.o
HAL_UART_Receive_DMA                              build/stm32f1xx_hal_uart.o
HAL_UART_Receive_IT                               build/stm32f1xx_hal_uart.o
HAL_UART_RxCpltCallback                           build/stm32f1xx_hal_uart.o
HAL_UART_RxHalfCpltCallback                       build/stm32f1xx_hal_uart.o
HAL_UART_Transmit                                 build/stm32f1xx_hal_uart.o
HAL_UART_Transmit_DMA                             build/stm32f1xx_hal_uart.o
HAL_UART_Transmit_IT                              build/stm32f1xx_hal_uart.o
HAL_UART_TxCpltCallback                           build/stm32f1xx_hal_uart.o
HAL_UART_TxHalfCpltCallback                       build/stm32f1xx_hal_uart.o
HardFault_Handler                                 build/stm32f1xx_it.o
I2C1_ER_IRQHandler                                build/startup_stm32f103x6.o
I2C1_EV_IRQHandler                                build/startup_stm32f103x6.o
MX_GPIO_Init                                      build/gpio.o
                                                  build/main.o
MX_I2C1_Init                                      build/i2c.o
                                                  build/main.o
MX_USART1_UART_Init                               build/usart.o
                                                  build/main.o
MemManage_Handler                                 build/stm32f1xx_it.o
NMI_Handler                                       build/stm32f1xx_it.o
PVD_IRQHandler                                    build/startup_stm32f103x6.o
PendSV_Handler                                    build/stm32f1xx_it.o
RCC_IRQHandler                                    build/startup_stm32f103x6.o
RTC_Alarm_IRQHandler                              build/startup_stm32f103x6.o
RTC_IRQHandler                                    build/startup_stm32f103x6.o
Reset_Handler                                     build/startup_stm32f103x6.o
SPI1_IRQHandler                                   build/startup_stm32f103x6.o
SVC_Handler                                       build/stm32f1xx_it.o
SysTick_Handler                                   build/stm32f1xx_it.o
SystemClock_Config                                build/main.o
SystemCoreClock                                   build/system_stm32f1xx.o
                                                  build/stm32f1xx_hal_rcc.o
                                                  build/stm32f1xx_hal.o
                                                  build/stm32f1xx_hal_i2c.o
SystemCoreClockUpdate                             build/system_stm32f1xx.o
SystemInit                                        build/system_stm32f1xx.o
                                                  build/startup_stm32f103x6.o
TAMPER_IRQHandler                                 build/startup_stm32f103x6.o
TIM1_BRK_IRQHandler                               build/startup_stm32f103x6.o
TIM1_CC_IRQHandler                                build/startup_stm32f103x6.o
TIM1_TRG_COM_IRQHandler                           build/startup_stm32f103x6.o
TIM1_UP_IRQHandler                                build/startup_stm32f103x6.o
TIM2_IRQHandler                                   build/startup_stm32f103x6.o
TIM3_IRQHandler                                   build/startup_stm32f103x6.o
UART_Start_Receive_DMA                            build/stm32f1xx_hal_uart.o
UART_Start_Receive_IT                             build/stm32f1xx_hal_uart.o
USART1_IRQHandler                                 build/startup_stm32f103x6.o
USART2_IRQHandler                                 build/startup_stm32f103x6.o
USBWakeUp_IRQHandler                              build/startup_stm32f103x6.o
USB_HP_CAN1_TX_IRQHandler                         build/startup_stm32f103x6.o
USB_LP_CAN1_RX0_IRQHandler                        build/startup_stm32f103x6.o
UsageFault_Handler                                build/stm32f1xx_it.o
WWDG_IRQHandler                                   build/startup_stm32f103x6.o
_ITM_deregisterTMCloneTable                       /usr/lib/gcc/arm-none-eabi/9.2.1/thumb/v7-m/nofp/crtbegin.o
_ITM_registerTMCloneTable                         /usr/lib/gcc/arm-none-eabi/9.2.1/thumb/v7-m/nofp/crtbegin.o
__TMC_END__                                       /usr/lib/gcc/arm-none-eabi/9.2.1/thumb/v7-m/nofp/crtend.o
                                                  /usr/lib/gcc/arm-none-eabi/9.2.1/thumb/v7-m/nofp/crtbegin.o
__atexit_dummy                                    /usr/lib/gcc/arm-none-eabi/9.2.1/../../../arm-none-eabi/lib/thumb/v7-m/nofp/libc_nano.a(lib_a-__atexit.o)
__bss_end__                                       /usr/lib/gcc/arm-none-eabi/9.2.1/../../../arm-none-eabi/lib/thumb/v7-m/nofp/crt0.o
__bss_start__                                     /usr/lib/gcc/arm-none-eabi/9.2.1/../../../arm-none-eabi/lib/thumb/v7-m/nofp/crt0.o
__call_exitprocs                                  /usr/lib/gcc/arm-none-eabi/9.2.1/../../../arm-none-eabi/lib/thumb/v7-m/nofp/libc_nano.a(lib_a-__call_atexit.o)
                                                  /usr/lib/gcc/arm-none-eabi/9.2.1/../../../arm-none-eabi/lib/thumb/v7-m/nofp/libc_nano.a(lib_a-__atexit.o)
                                                  /usr/lib/gcc/arm-none-eabi/9.2.1/../../../arm-none-eabi/lib/thumb/v7-m/nofp/libc_nano.a(lib_a-exit.o)
__deregister_frame_info                           /usr/lib/gcc/arm-none-eabi/9.2.1/thumb/v7-m/nofp/crtbegin.o
__dso_handle                                      /usr/lib/gcc/arm-none-eabi/9.2.1/thumb/v7-m/nofp/crtbegin.o
__fini_array_end                                  /usr/lib/gcc/arm-none-eabi/9.2.1/../../../arm-none-eabi/lib/thumb/v7-m/nofp/libc_nano.a(lib_a-fini.o)
__fini_array_start                                /usr/lib/gcc/arm-none-eabi/9.2.1/../../../arm-none-eabi/lib/thumb/v7-m/nofp/libc_nano.a(lib_a-fini.o)
__init_array_end                                  /usr/lib/gcc/arm-none-eabi/9.2.1/../../../arm-none-eabi/lib/thumb/v7-m/nofp/libc_nano.a(lib_a-init.o)
__init_array_start                                /usr/lib/gcc/arm-none-eabi/9.2.1/../../../arm-none-eabi/lib/thumb/v7-m/nofp/libc_nano.a(lib_a-init.o)
__libc_fini_array                                 /usr/lib/gcc/arm-none-eabi/9.2.1/../../../arm-none-eabi/lib/thumb/v7-m/nofp/libc_nano.a(lib_a-fini.o)
                                                  /usr/lib/gcc/arm-none-eabi/9.2.1/../../../arm-none-eabi/lib/thumb/v7-m/nofp/crt0.o
__libc_init_array                                 /usr/lib/gcc/arm-none-eabi/9.2.1/../../../arm-none-eabi/lib/thumb/v7-m/nofp/libc_nano.a(lib_a-init.o)
                                                  build/startup_stm32f103x6.o
                                                  /usr/lib/gcc/arm-none-eabi/9.2.1/../../../arm-none-eabi/lib/thumb/v7-m/nofp/crt0.o
__on_exit_args                                    /usr/lib/gcc/arm-none-eabi/9.2.1/../../../arm-none-eabi/lib/thumb/v7-m/nofp/libc_nano.a(lib_a-__atexit.o)
__preinit_array_end                               /usr/lib/gcc/arm-none-eabi/9.2.1/../../../arm-none-eabi/lib/thumb/v7-m/nofp/libc_nano.a(lib_a-init.o)
__preinit_array_start                             /usr/lib/gcc/arm-none-eabi/9.2.1/../../../arm-none-eabi/lib/thumb/v7-m/nofp/libc_nano.a(lib_a-init.o)
__register_exitproc                               /usr/lib/gcc/arm-none-eabi/9.2.1/../../../arm-none-eabi/lib/thumb/v7-m/nofp/libc_nano.a(lib_a-__atexit.o)
                                                  /usr/lib/gcc/arm-none-eabi/9.2.1/../../../arm-none-eabi/lib/thumb/v7-m/nofp/libc_nano.a(lib_a-atexit.o)
__register_frame_info                             /usr/lib/gcc/arm-none-eabi/9.2.1/thumb/v7-m/nofp/crtbegin.o
__sf_fake_stderr                                  /usr/lib/gcc/arm-none-eabi/9.2.1/../../../arm-none-eabi/lib/thumb/v7-m/nofp/libc_nano.a(lib_a-impure.o)
__sf_fake_stdin                                   /usr/lib/gcc/arm-none-eabi/9.2.1/../../../arm-none-eabi/lib/thumb/v7-m/nofp/libc_nano.a(lib_a-impure.o)
__sf_fake_stdout                                  /usr/lib/gcc/arm-none-eabi/9.2.1/../../../arm-none-eabi/lib/thumb/v7-m/nofp/libc_nano.a(lib_a-impure.o)
__stack                                           /usr/lib/gcc/arm-none-eabi/9.2.1/../../../arm-none-eabi/lib/thumb/v7-m/nofp/crt0.o
_ebss                                             build/startup_stm32f103x6.o
_edata                                            build/startup_stm32f103x6.o
_estack                                           build/startup_stm32f103x6.o
_exit                                             /usr/lib/gcc/arm-none-eabi/9.2.1/../../../arm-none-eabi/lib/thumb/v7-m/nofp/libnosys.a(_exit.o)
                                                  /usr/lib/gcc/arm-none-eabi/9.2.1/../../../arm-none-eabi/lib/thumb/v7-m/nofp/libc_nano.a(lib_a-exit.o)
_fini                                             /usr/lib/gcc/arm-none-eabi/9.2.1/thumb/v7-m/nofp/crti.o
                                                  /usr/lib/gcc/arm-none-eabi/9.2.1/../../../arm-none-eabi/lib/thumb/v7-m/nofp/libc_nano.a(lib_a-fini.o)
_global_atexit                                    /usr/lib/gcc/arm-none-eabi/9.2.1/../../../arm-none-eabi/lib/thumb/v7-m/nofp/libc_nano.a(lib_a-__call_atexit.o)
                                                  /usr/lib/gcc/arm-none-eabi/9.2.1/../../../arm-none-eabi/lib/thumb/v7-m/nofp/libc_nano.a(lib_a-__atexit.o)
_global_impure_ptr                                /usr/lib/gcc/arm-none-eabi/9.2.1/../../../arm-none-eabi/lib/thumb/v7-m/nofp/libc_nano.a(lib_a-impure.o)
                                                  /usr/lib/gcc/arm-none-eabi/9.2.1/../../../arm-none-eabi/lib/thumb/v7-m/nofp/libc_nano.a(lib_a-exit.o)
_impure_ptr                                       /usr/lib/gcc/arm-none-eabi/9.2.1/../../../arm-none-eabi/lib/thumb/v7-m/nofp/libc_nano.a(lib_a-impure.o)
_init                                             /usr/lib/gcc/arm-none-eabi/9.2.1/thumb/v7-m/nofp/crti.o
                                                  /usr/lib/gcc/arm-none-eabi/9.2.1/../../../arm-none-eabi/lib/thumb/v7-m/nofp/libc_nano.a(lib_a-init.o)
_mainCRTStartup                                   /usr/lib/gcc/arm-none-eabi/9.2.1/../../../arm-none-eabi/lib/thumb/v7-m/nofp/crt0.o
_sbss                                             build/startup_stm32f103x6.o
_sdata                                            build/startup_stm32f103x6.o
_sidata                                           build/startup_stm32f103x6.o
_stack_init                                       /usr/lib/gcc/arm-none-eabi/9.2.1/../../../arm-none-eabi/lib/thumb/v7-m/nofp/crt0.o
_start                                            /usr/lib/gcc/arm-none-eabi/9.2.1/../../../arm-none-eabi/lib/thumb/v7-m/nofp/crt0.o
assert_failed                                     build/main.o
                                                  build/stm32f1xx_hal_uart.o
                                                  build/stm32f1xx_hal_exti.o
                                                  build/stm32f1xx_hal_flash_ex.o
                                                  build/stm32f1xx_hal_flash.o
                                                  build/stm32f1xx_hal_pwr.o
                                                  build/stm32f1xx_hal_cortex.o
                                                  build/stm32f1xx_hal_dma.o
                                                  build/stm32f1xx_hal_gpio.o
                                                  build/stm32f1xx_hal_rcc_ex.o
                                                  build/stm32f1xx_hal_rcc.o
                                                  build/stm32f1xx_hal.o
                                                  build/stm32f1xx_hal_i2c.o
                                                  build/stm32f1xx_hal_gpio_ex.o
atexit                                            /usr/lib/gcc/arm-none-eabi/9.2.1/../../../arm-none-eabi/lib/thumb/v7-m/nofp/libc_nano.a(lib_a-atexit.o)
                                                  /usr/lib/gcc/arm-none-eabi/9.2.1/../../../arm-none-eabi/lib/thumb/v7-m/nofp/crt0.o
exit                                              /usr/lib/gcc/arm-none-eabi/9.2.1/../../../arm-none-eabi/lib/thumb/v7-m/nofp/libc_nano.a(lib_a-exit.o)
                                                  /usr/lib/gcc/arm-none-eabi/9.2.1/../../../arm-none-eabi/lib/thumb/v7-m/nofp/crt0.o
g_pfnVectors                                      build/startup_stm32f103x6.o
hardware_init_hook                                /usr/lib/gcc/arm-none-eabi/9.2.1/../../../arm-none-eabi/lib/thumb/v7-m/nofp/crt0.o
hi2c1                                             build/i2c.o
huart1                                            build/usart.o
main                                              build/main.o
                                                  build/startup_stm32f103x6.o
                                                  /usr/lib/gcc/arm-none-eabi/9.2.1/../../../arm-none-eabi/lib/thumb/v7-m/nofp/crt0.o
malloc                                            /usr/lib/gcc/arm-none-eabi/9.2.1/../../../arm-none-eabi/lib/thumb/v7-m/nofp/libc_nano.a(lib_a-__atexit.o)
memset                                            /usr/lib/gcc/arm-none-eabi/9.2.1/../../../arm-none-eabi/lib/thumb/v7-m/nofp/libc_nano.a(lib_a-memset.o)
                                                  /usr/lib/gcc/arm-none-eabi/9.2.1/../../../arm-none-eabi/lib/thumb/v7-m/nofp/crt0.o
pFlash                                            build/stm32f1xx_hal_flash.o
                                                  build/stm32f1xx_hal_flash_ex.o
software_init_hook                                /usr/lib/gcc/arm-none-eabi/9.2.1/../../../arm-none-eabi/lib/thumb/v7-m/nofp/crt0.o
uwTick                                            build/stm32f1xx_hal.o
uwTickFreq                                        build/stm32f1xx_hal.o
uwTickPrio                                        build/stm32f1xx_hal.o
                                                  build/stm32f1xx_hal_rcc.o
